2026-09-03 07:34:00,905 INFO BTC: spot 2160 hourly / 1436 minute points
2026-09-03 07:34:22,045 INFO ETH: spot 2160 hourly / 1436 minute points
2026-09-03 07:34:42,982 INFO HYPE: spot 2160 hourly / 1434 minute points
2026-09-03 07:34:45,596 INFO BTC: 301905 trades, 302 pages, 301 to fetch
2026-09-03 07:35:03,367 INFO BTC: 25/301 pages
2026-09-03 07:35:21,049 INFO BTC: 50/301 pages
2026-09-03 07:35:42,829 INFO BTC: 75/301 pages
2026-09-03 07:36:07,756 INFO BTC: 100/301 pages
2026-09-03 07:36:29,288 INFO BTC: 125/301 pages
2026-09-03 07:36:52,786 INFO BTC: 150/301 pages
2026-09-03 07:37:17,924 INFO BTC: 175/301 pages
2026-09-03 07:37:43,434 INFO BTC: 200/301 pages
2026-09-03 07:38:09,451 INFO BTC: 225/301 pages
2026-09-03 07:38:34,528 INFO BTC: 250/301 pages
2026-09-03 07:38:58,510 INFO BTC: 275/301 pages
2026-09-03 07:39:21,840 INFO BTC: 300/301 pages
2026-09-03 07:39:22,187 INFO BTC: 301/301 pages
2026-09-03 07:39:32,555 INFO BTC: 150957 unique trades -> data/trades/BTC_option_trades.parquet
2026-09-03 07:39:35,997 INFO ETH: 795312 trades, 796 pages, 795 to fetch
2026-09-03 07:40:01,255 INFO ETH: 25/795 pages
2026-09-03 07:40:20,602 INFO ETH: 50/795 pages
2026-09-03 07:40:41,904 INFO ETH: 75/795 pages
2026-09-03 07:41:06,192 INFO ETH: 100/795 pages
2026-09-03 07:41:27,563 INFO ETH: 125/795 pages
2026-09-03 07:41:50,983 INFO ETH: 150/795 pages
2026-09-03 07:42:16,565 INFO ETH: 175/795 pages
2026-09-03 07:42:39,846 INFO ETH: 200/795 pages
2026-09-03 07:43:05,906 INFO ETH: 225/795 pages
2026-09-03 07:43:27,205 INFO ETH: 250/795 pages
2026-09-03 07:43:48,616 INFO ETH: 275/795 pages
2026-09-03 07:44:09,176 INFO ETH: 300/795 pages
2026-09-03 07:44:30,959 INFO ETH: 325/795 pages
2026-09-03 07:44:52,178 INFO ETH: 350/795 pages
2026-09-03 07:45:12,354 INFO ETH: 375/795 pages
2026-09-03 07:45:31,876 INFO ETH: 400/795 pages
2026-09-03 07:45:52,234 INFO ETH: 425/795 pages
2026-09-03 07:46:12,051 INFO ETH: 450/795 pages
2026-09-03 07:46:33,446 INFO ETH: 475/795 pages
2026-09-03 07:46:53,745 INFO ETH: 500/795 pages
2026-09-03 07:47:14,422 INFO ETH: 525/795 pages
2026-09-03 07:47:34,210 INFO ETH: 550/795 pages
2026-09-03 07:47:54,845 INFO ETH: 575/795 pages
2026-09-03 07:48:14,326 INFO ETH: 600/795 pages
2026-09-03 07:48:32,481 INFO ETH: 625/795 pages
2026-09-03 07:48:54,256 INFO ETH: 650/795 pages
2026-09-03 07:49:13,728 INFO ETH: 675/795 pages
2026-09-03 07:49:34,275 INFO ETH: 700/795 pages
2026-09-03 07:49:56,079 INFO ETH: 725/795 pages
2026-09-03 07:50:14,460 INFO ETH: 750/795 pages
2026-09-03 07:50:33,288 INFO ETH: 775/795 pages
2026-09-03 07:50:47,943 INFO ETH: 795/795 pages
2026-09-03 07:51:13,226 INFO ETH: 397656 unique trades -> data/trades/ETH_option_trades.parquet
2026-09-03 07:51:16,787 INFO HYPE: 83530 trades, 84 pages, 83 to fetch
2026-09-03 07:51:35,301 INFO HYPE: 25/83 pages
2026-09-03 07:51:57,447 INFO HYPE: 50/83 pages
2026-09-03 07:52:18,261 INFO HYPE: 75/83 pages
2026-09-03 07:52:25,440 INFO HYPE: 83/83 pages
2026-09-03 07:52:27,268 INFO HYPE: 41765 unique trades -> data/trades/HYPE_option_trades.parquet
